// Jest Snapshot v1, https://goo.gl/fbAQLP

exports[`form 1`] = `"<form class=\\"regForm\\"><div class=\\"inputCheck\\"><label class=\\"inputLabel\\">User name:</label><input type=\\"text\\" class=\\"inputText\\"><span class=\\"inactive\\">Must not be null</span></div><div class=\\"inputCheck\\"><label class=\\"inputLabel\\">Password:</label><input type=\\"password\\" class=\\"inputText\\"><span class=\\"inactive\\">must be at least 8 characters, contain upper and lower case letters</span></div><div class=\\"inputCheck\\"><label class=\\"inputLabel\\">Confirm Password:</label><input type=\\"password\\" class=\\"inputText\\"><span class=\\"active\\">must match above</span></div><div class=\\"inputCheck\\"><label class=\\"inputLabel\\">Phone Number:</label><input type=\\"text\\" class=\\"inputText\\"><span class=\\"inactive\\">ensure the number is valid for a Chinese mobile or fixed line phone number</span></div><input type=\\"submit\\" value=\\"Submit\\" disabled=\\"\\" class=\\"submitBtn\\"></form>"`;

exports[`form 2`] = `"<form class=\\"regForm\\"><div class=\\"inputCheck\\"><label class=\\"inputLabel\\">User name:</label><input type=\\"text\\" class=\\"inputText\\"><span class=\\"active\\">Must not be null</span></div><div class=\\"inputCheck\\"><label class=\\"inputLabel\\">Password:</label><input type=\\"password\\" class=\\"inputText\\"><span class=\\"active\\">must be at least 8 characters, contain upper and lower case letters</span></div><div class=\\"inputCheck\\"><label class=\\"inputLabel\\">Confirm Password:</label><input type=\\"password\\" class=\\"inputText\\"><span class=\\"active\\">must match above</span></div><div class=\\"inputCheck\\"><label class=\\"inputLabel\\">Phone Number:</label><input type=\\"text\\" class=\\"inputText\\"><span class=\\"active\\">ensure the number is valid for a Chinese mobile or fixed line phone number</span></div><input type=\\"submit\\" value=\\"Submit\\" class=\\"submitBtn\\"><div><h3>User name:aaa</h3><h3>Password:Aaaaaaaa</h3><h3>Phone:82408888</h3></div></form>"`;
