// Jest Snapshot v1, https://goo.gl/fbAQLP

exports[`test the Checkinput 1`] = `"<div class=\\"inputCheck\\"><label class=\\"inputLabel\\">test</label><input type=\\"text\\" class=\\"inputText\\"><span style=\\"color: red;\\">format for test</span></div>"`;

exports[`test the UserInfo 1`] = `"<div><h3>User name:bbb</h3><h3>Password:Bbbbbbbb</h3><h3>Phone:82408888</h3></div>"`;

exports[`test the form 1`] = `"<form class=\\"regForm\\"><div class=\\"inputCheck\\"><label class=\\"inputLabel\\">User name:</label><input type=\\"text\\" class=\\"inputText\\"><span style=\\"color: red;\\">Must not be null</span></div><div class=\\"inputCheck\\"><label class=\\"inputLabel\\">Password</label><input type=\\"password\\" class=\\"inputText\\"><span style=\\"color: red;\\">must be at least 8 characters, contain upper and lower case letters</span></div><div class=\\"inputCheck\\"><label class=\\"inputLabel\\">Confirm Password:</label><input type=\\"password\\" class=\\"inputText\\"><span style=\\"color: green;\\">must match above</span></div><div class=\\"inputCheck\\"><label class=\\"inputLabel\\">Phone Number:</label><input type=\\"text\\" class=\\"inputText\\"><span style=\\"color: red;\\">ensure the number is valid for a Chinese mobile or fixed line phone number</span></div><input type=\\"submit\\" value=\\"Submit\\" disabled=\\"\\" class=\\"submitBtn\\"></form>"`;

exports[`test the form 2`] = `"<form class=\\"regForm\\"><div class=\\"inputCheck\\"><label class=\\"inputLabel\\">User name:</label><input type=\\"text\\" class=\\"inputText\\"><span style=\\"color: green;\\">Must not be null</span></div><div class=\\"inputCheck\\"><label class=\\"inputLabel\\">Password</label><input type=\\"password\\" class=\\"inputText\\"><span style=\\"color: green;\\">must be at least 8 characters, contain upper and lower case letters</span></div><div class=\\"inputCheck\\"><label class=\\"inputLabel\\">Confirm Password:</label><input type=\\"password\\" class=\\"inputText\\"><span style=\\"color: green;\\">must match above</span></div><div class=\\"inputCheck\\"><label class=\\"inputLabel\\">Phone Number:</label><input type=\\"text\\" class=\\"inputText\\"><span style=\\"color: green;\\">ensure the number is valid for a Chinese mobile or fixed line phone number</span></div><input type=\\"submit\\" value=\\"Submit\\" class=\\"submitBtn\\"><div><h3>User name:aaa</h3><h3>Password:Aaaaaaaa</h3><h3>Phone:82408888</h3></div></form>"`;
